
> portfolio-vinicius@0.0.1 build
> astro build

[2m14:24:50[22m [34m[vite][39m Re-optimizing dependencies because vite config has changed
[2m14:24:50[22m [34m[content][39m Syncing content
[2m14:24:50[22m [34m[content][39m Synced content
[2m14:24:50[22m [34m[types][39m Generated [2m403ms[22m
[2m14:24:50[22m [34m[build][39m output: [34m"static"[39m
[2m14:24:50[22m [34m[build][39m mode: [34m"static"[39m
[2m14:24:50[22m [34m[build][39m directory: [34mC:\Users\vsben_332kka0\Desktop\Projects\portfolio-vinicius\dist\[39m
[2m14:24:50[22m [34m[build][39m Collecting build info...
[2m14:24:50[22m [34m[build][39m [32mÔ£ô Completed in 444ms.[39m
[2m14:24:50[22m [34m[build][39m Building static entrypoints...
[2m14:24:56[22m [34m[vite][39m [32mÔ£ô built in 6.24s[39m
[2m14:24:56[22m [34m[build][39m [32mÔ£ô Completed in 6.34s.[39m

[42m[30m building client (vite) [39m[49m
[2m14:24:56[22m [34m[vite][39m transforming...
[2m14:24:56[22m [34m[vite][39m [32mÔ£ô[39m 1 modules transformed.
[2m14:24:56[22m [34m[vite][39m rendering chunks...
[2m14:24:56[22m [34m[vite][39m [32mÔ£ô built in 59ms[39m

[42m[30m generating static routes [39m[49m
[2m14:24:57[22m [32mÔûÂ[39m src/pages/teste-animacao.astro
[2m14:24:57[22m   [34mÔööÔöÇ[39m [2m/teste-animacao/index.html[22m [2m(+16ms)[22m 
[2m14:24:57[22m [32mÔûÂ[39m src/pages/teste-mockup.astro
[2m14:24:57[22m   [34mÔööÔöÇ[39m [2m/teste-mockup/index.html[22m [2m(+6ms)[22m 
[2m14:24:57[22m [32mÔûÂ[39m src/pages/index.astro
[2m14:24:57[22m   [34mÔööÔöÇ[39m [2m/index.html[22m [2m(+44ms)[22m 
[2m14:24:57[22m [32mÔ£ô Completed in 161ms.
[39m
[42m[30m generating optimized images [39m[49m
[2m14:24:57[22m   [32mÔûÂ[39m /_astro/astro-framework1720735660.logowik.com-Recuperado2.C3Z-a4me_Z1oQy71.webp [2m(reused cache entry)[22m [2m(+17ms)[22m [2m(1/5)[22m
[2m14:24:57[22m   [32mÔûÂ[39m /_astro/logo-apex.Dxr-58NE_Z1PHT0N.webp [2m(reused cache entry)[22m [2m(+19ms)[22m [2m(2/5)[22m
[2m14:24:57[22m   [32mÔûÂ[39m /_astro/logo-astra.DqDfiezw_Z1sCjx6.webp [2m(reused cache entry)[22m [2m(+24ms)[22m [2m(3/5)[22m
[2m14:24:57[22m   [32mÔûÂ[39m /_astro/astro-framework1720735660.logowik.com-Recuperado2.C3Z-a4me_1o0LtS.webp [2m(reused cache entry)[22m [2m(+8ms)[22m [2m(4/5)[22m
[2m14:24:57[22m   [32mÔûÂ[39m /_astro/astro-framework1720735660.logowik.com-Recuperado2.C3Z-a4me_ZcezVP.webp [2m(reused cache entry)[22m [2m(+3ms)[22m [2m(5/5)[22m
[2m14:24:57[22m [32mÔ£ô Completed in 29ms.
[39m
[2m14:24:57[22m [34m[build][39m 3 page(s) built in [1m7.16s[22m
[2m14:24:57[22m [34m[build][39m [1mComplete![22m
